Account                         Username           RawShares            RawUsage           Fairshare
root                                                       1                   0
 A                                                         1                   0
 B                                                         1                   0
 C                                                         1                   0
  C                                userA                   1                   0                   0
  C                                userF                   1                   0                   0
  C                                userZ                   1                   0                   0
