Account,Username,RawShares,RawUsage
root,,1000,133
 account1,,1000,120
  account1,leaf.1.1,10000,100
  account1,leaf.1.2,1000,10
  account1,leaf.1.3,100000,10
 account2,,100,12
  account2,leaf.2.1,10000,10
  account2,leaf.2.2,1000,1
  account2,leaf.2.3,100000,1
 account3,,10,1
  account3,leaf.3.1,100,0
  account3,leaf.3.2,10,1
