usage: flux shares [-P DELIMITER] [-p DB_PATH]
optional arguments:
	-h,--help			Show this help message
	-P DELIMITER		Print the database hierarchy in a parsable format
	-p DB_PATH			Specify location of the flux-accounting database
