bank_id        bank           active         parent_bank    shares         
4              C              0              root           50             

