Bank                            Username           RawShares            RawUsage           Fairshare
F                                                          1                 0.0

