bank_id | bank | active | parent_bank | shares | job_usage
--------+------+--------+-------------+--------+----------
7       | F    | 1      | D           | 1      | 0.0      

no users under F
