bank_id        bank           active         parent_bank    shares         job_usage      
1              root           1                             1              0.0            

