Account                         Username           RawShares            RawUsage           Fairshare
root                                                       1               24000
 account1                                                  1               16000
  account1                          5011                   1                4000            0.428571
  account1                          5012                   1                6000            0.285714
  account1                          5013                   1                6000            0.285714
 account2                                                  1                8000
  account2                          5021                   1                8000            0.571429
  account2                          5022                   1                   0            0.714286
 account3                                                  1                   0
  account3                          5031                   1                   0                   1
  account3                          5032                   1                   0                   1
